
     Program HP v.5.1.1 starts on  5Oct2019 at 14:12:46

=------------------------------------------------------------------------------=
   JOB DONE.
=------------------------------------------------------------------------------=
