
     Program HP v.7.1 starts on 29Nov2022 at 11:50:13

     This program is part of the open-source Quantum ESPRESSO suite
     for quantum simulation of materials; please cite
         "P. Giannozzi et al., J. Phys.:Condens. Matter 21 395502 (2009);
         "P. Giannozzi et al., J. Phys.:Condens. Matter 29 465901 (2017);
         "P. Giannozzi et al., J. Chem. Phys. 152 154105 (2020);
          URL http://www.quantum-espresso.org",
     in publications or presentations arising from this work. More details at
     http://www.quantum-espresso.org/quote

     Parallel version (MPI), running on    10 processors

     MPI processes distributed on     1 nodes
     K-points division:     npool     =       2
     R & G space division:  proc/nbgrp/npool/nimage =       5
     22082 MiB available memory on the printing compute node when the environment starts


     =---------------------------------------------------------------------------=

           Calculation of Hubbard parameters using the HP code based on DFPT

               Please cite the following papers when using this program:

                 - HP code : Comput. Phys. Commun. 279, 108455 (2022).

                 - Theory  : Phys. Rev. B 98,  085127 (2018) and

                             Phys. Rev. B 103, 045141 (2021).

     =-----------------------------------------------------------------------------=

     Reading xml data from directory:

     out/aiida.save/
     file O.pbe-n-kjpaw_psl.0.1.UPF: wavefunction(s)  2P renormalized

     IMPORTANT: XC functional enforced from input :
     Exchange-correlation= PBE
                           (   1   4   3   4   0   0   0)
     Any further DFT definition will be discarded
     Please, verify this is what you really want

     Parallelization info
     --------------------
     sticks:   dense  smooth     PW     G-vecs:    dense   smooth      PW
     Min         303     151     50                 5854     2056     402
     Max         304     151     51                 5855     2057     404
     Sum        1517     755    253                29271    10281    2015

     Using Slab Decomposition


     Check: negative core charge=   -0.000017
     Reading collected, re-writing distributed wavefunctions


     bravais-lattice index     =             0
     lattice parameter (alat)  =        9.3705 (a.u.)
     unit-cell volume          =      217.1091 (a.u.)^3
     number of atoms/cell      =             4
     number of atomic types    =             3
     kinetic-energy cut-off    =         50.00 (Ry)
     charge density cut-off    =        400.00 (Ry)
     conv. thresh. for NSCF    =       1.0E-11
     conv. thresh. for chi     =       1.0E-05
     Input Hubbard parameters (in eV):
       V (  1,   1)  =   0.0000
       V (  1,  11)  =   0.0000
       V (  1,  19)  =   0.0000
       V (  1,  22)  =   0.0000
       V (  1,  43)  =   0.0000
       V (  1,  46)  =   0.0000
       V (  1,  54)  =   0.0000
       V (  2,   2)  =   0.0000
       V (  2,  57)  =   0.0000
       V (  2,  65)  =   0.0000
       V (  2,  89)  =   0.0000
       V (  3,   3)  =   0.0000
       V (  3,  69)  =   0.0000
       V (  3,  93)  =   0.0000
       V (  3, 101)  =   0.0000
       V (  4,   4)  =   0.0000

     celldm(1) =  9.37050  celldm(2) =  0.00000  celldm(3) =  0.00000
     celldm(4) =  0.00000  celldm(5) =  0.00000  celldm(6) =  0.00000

     crystal axes: (cart. coord. in units of alat)
               a(1) = (  0.2840 -0.1639  0.9447 )
               a(2) = (  0.0000  0.3279  0.9447 )
               a(3) = ( -0.2840 -0.1639  0.9447 )

     reciprocal axes: (cart. coord. in units 2 pi/alat)
               b(1) = (  1.7608 -1.0166  0.3528 )
               b(2) = (  0.0000  2.0333  0.3528 )
               b(3) = ( -1.7608 -1.0166  0.3528 )

     Atoms inside the unit cell (Cartesian axes):
     site n.  atom      mass           positions (alat units)
        1      Co     58.9332   tau(  1) = (  0.00000  0.00000  0.00000  )
        2      O      15.9990   tau(  2) = (  0.00000  0.00000  0.73827  )
        3      O      15.9990   tau(  3) = (  0.00000  0.00000  2.09589  )
        4      Li      6.9400   tau(  4) = (  0.00000  0.00000  1.41708  )

     List of  2 atoms which will be perturbed (one at a time):

        1      Co     58.9332   tau( 1) = (  0.00000  0.00000  0.00000  )
        2      O      15.9990   tau( 2) = (  0.00000  0.00000  0.73827  )

     Determination of the indices of inter-site couples ...


     HP           :      0.29s CPU      0.33s WALL


   This run was terminated on:  11:50:13  29Nov2022

=------------------------------------------------------------------------------=
   JOB DONE.
=------------------------------------------------------------------------------=
